// Jest Snapshot v1, https://goo.gl/fbAQLP

exports[`<CarCard /> renders correctly 1`] = `
<View
  style={
    Object {
      "height": 1334,
      "width": "100%",
    }
  }
>
  <View
    accessibilityIgnoresInvertColors={true}
    style={
      Object {
        "height": "100%",
        "position": "absolute",
        "resizeMode": "cover",
        "width": "100%",
      }
    }
  >
    <Image
      source={null}
      style={
        Array [
          Object {
            "bottom": 0,
            "left": 0,
            "position": "absolute",
            "right": 0,
            "top": 0,
          },
          Object {
            "height": "100%",
            "width": "100%",
          },
          undefined,
        ]
      }
    />
  </View>
  <View
    style={
      Object {
        "alignItems": "center",
        "marginTop": "30%",
        "width": "100%",
      }
    }
  >
    <Text
      style={
        Object {
          "fontSize": 40,
          "fontWeight": "500",
        }
      }
    >
      title
    </Text>
    <Text
      style={
        Object {
          "color": "#5c5e62",
          "fontSize": 16,
        }
      }
    >
      tagline
    </Text>
  </View>
</View>
`;
