// Jest Snapshot v1, https://goo.gl/fbAQLP

exports[`<Overlay /> renders correctly 1`] = `
<View
  style={
    Object {
      "backgroundColor": "rgba(0, 0, 0, 0.5)",
      "flex": 1,
      "height": 1334,
      "left": 0,
      "position": "absolute",
      "top": -50,
      "width": 750,
    }
  }
>
  <Text>
    My Content
  </Text>
</View>
`;
